// Jest Snapshot v1, https://goo.gl/fbAQLP

exports[`FilterSuggestions matches the snapshot 1`] = `
ShallowWrapper {
  Symbol(enzyme.__root__): [Circular],
  Symbol(enzyme.__unrendered__): <FilterSuggestions
    setCategory={[MockFunction]}
    setFilter={[MockFunction]}
  />,
  Symbol(enzyme.__renderer__): Object {
    "batchedUpdates": [Function],
    "getNode": [Function],
    "render": [Function],
    "simulateError": [Function],
    "simulateEvent": [Function],
    "unmount": [Function],
  },
  Symbol(enzyme.__node__): Object {
    "instance": null,
    "key": undefined,
    "nodeType": "host",
    "props": Object {
      "children": Array [
        <h1
          className="filter-title"
        >
          Filters
        </h1>,
        null,
        <div
          className="filter-input-categories-container"
        >
          <div
            className="filter-input-form-container"
          >
            <form
              className="filter-input-form"
            >
              <h3
                className="filter-name-input-title-bool"
              >
                Enter a game, movie, band, or song
              </h3>
              <input
                className="filter-input"
                name="input-0"
                onChange={[Function]}
                placeholder=""
                value=""
              />
            </form>
            <button
              className="add-input-btn input-btn"
              disabled={false}
              onClick={[Function]}
              type="button"
            >
              +
            </button>
          </div>
          <div
            className="filter-input-form-container"
          >
            <form
              className="input-categories-form"
              onClick={[Function]}
            >
              <h3
                className="filter-name-input-title filter-categories-input-title"
              >
                Select a category
              </h3>
              <button
                className="category-btn input-btn"
                name="games"
                onClick={[Function]}
                type="button"
              >
                games
              </button>
              <button
                className="category-btn input-btn"
                name="music"
                onClick={[Function]}
                type="button"
              >
                music
              </button>
              <button
                className="category-btn input-btn"
                name="authors"
                onClick={[Function]}
                type="button"
              >
                authors
              </button>
              <button
                className="category-btn input-btn"
                name="movies"
                onClick={[Function]}
                type="button"
              >
                movies
              </button>
              <button
                className="category-btn input-btn"
                name="shows"
                onClick={[Function]}
                type="button"
              >
                shows
              </button>
              <button
                className="category-btn input-btn"
                name="books"
                onClick={[Function]}
                type="button"
              >
                books
              </button>
            </form>
          </div>
        </div>,
        <button
          className="filter-btn"
          onClick={[Function]}
          type="submit"
        >
          Find suggestions
        </button>,
      ],
      "className": "FilterSuggestions",
      "onKeyPress": [Function],
    },
    "ref": null,
    "rendered": Array [
      Object {
        "instance": null,
        "key": undefined,
        "nodeType": "host",
        "props": Object {
          "children": "Filters",
          "className": "filter-title",
        },
        "ref": null,
        "rendered": "Filters",
        "type": "h1",
      },
      null,
      Object {
        "instance": null,
        "key": undefined,
        "nodeType": "host",
        "props": Object {
          "children": Array [
            <div
              className="filter-input-form-container"
            >
              <form
                className="filter-input-form"
              >
                <h3
                  className="filter-name-input-title-bool"
                >
                  Enter a game, movie, band, or song
                </h3>
                <input
                  className="filter-input"
                  name="input-0"
                  onChange={[Function]}
                  placeholder=""
                  value=""
                />
              </form>
              <button
                className="add-input-btn input-btn"
                disabled={false}
                onClick={[Function]}
                type="button"
              >
                +
              </button>
            </div>,
            <div
              className="filter-input-form-container"
            >
              <form
                className="input-categories-form"
                onClick={[Function]}
              >
                <h3
                  className="filter-name-input-title filter-categories-input-title"
                >
                  Select a category
                </h3>
                <button
                  className="category-btn input-btn"
                  name="games"
                  onClick={[Function]}
                  type="button"
                >
                  games
                </button>
                <button
                  className="category-btn input-btn"
                  name="music"
                  onClick={[Function]}
                  type="button"
                >
                  music
                </button>
                <button
                  className="category-btn input-btn"
                  name="authors"
                  onClick={[Function]}
                  type="button"
                >
                  authors
                </button>
                <button
                  className="category-btn input-btn"
                  name="movies"
                  onClick={[Function]}
                  type="button"
                >
                  movies
                </button>
                <button
                  className="category-btn input-btn"
                  name="shows"
                  onClick={[Function]}
                  type="button"
                >
                  shows
                </button>
                <button
                  className="category-btn input-btn"
                  name="books"
                  onClick={[Function]}
                  type="button"
                >
                  books
                </button>
              </form>
            </div>,
          ],
          "className": "filter-input-categories-container",
        },
        "ref": null,
        "rendered": Array [
          Object {
            "instance": null,
            "key": undefined,
            "nodeType": "host",
            "props": Object {
              "children": Array [
                <form
                  className="filter-input-form"
                >
                  <h3
                    className="filter-name-input-title-bool"
                  >
                    Enter a game, movie, band, or song
                  </h3>
                  <input
                    className="filter-input"
                    name="input-0"
                    onChange={[Function]}
                    placeholder=""
                    value=""
                  />
                </form>,
                <button
                  className="add-input-btn input-btn"
                  disabled={false}
                  onClick={[Function]}
                  type="button"
                >
                  +
                </button>,
              ],
              "className": "filter-input-form-container",
            },
            "ref": null,
            "rendered": Array [
              Object {
                "instance": null,
                "key": undefined,
                "nodeType": "host",
                "props": Object {
                  "children": Array [
                    <h3
                      className="filter-name-input-title-bool"
                    >
                      Enter a game, movie, band, or song
                    </h3>,
                    Array [
                      <input
                        className="filter-input"
                        name="input-0"
                        onChange={[Function]}
                        placeholder=""
                        value=""
                      />,
                    ],
                  ],
                  "className": "filter-input-form",
                },
                "ref": null,
                "rendered": Array [
                  Object {
                    "instance": null,
                    "key": undefined,
                    "nodeType": "host",
                    "props": Object {
                      "children": "Enter a game, movie, band, or song",
                      "className": "filter-name-input-title-bool",
                    },
                    "ref": null,
                    "rendered": "Enter a game, movie, band, or song",
                    "type": "h3",
                  },
                  Object {
                    "instance": null,
                    "key": "input-0",
                    "nodeType": "host",
                    "props": Object {
                      "className": "filter-input",
                      "name": "input-0",
                      "onChange": [Function],
                      "placeholder": "",
                      "value": "",
                    },
                    "ref": null,
                    "rendered": null,
                    "type": "input",
                  },
                ],
                "type": "form",
              },
              Object {
                "instance": null,
                "key": undefined,
                "nodeType": "host",
                "props": Object {
                  "children": "+",
                  "className": "add-input-btn input-btn",
                  "disabled": false,
                  "onClick": [Function],
                  "type": "button",
                },
                "ref": null,
                "rendered": "+",
                "type": "button",
              },
            ],
            "type": "div",
          },
          Object {
            "instance": null,
            "key": undefined,
            "nodeType": "host",
            "props": Object {
              "children": <form
                className="input-categories-form"
                onClick={[Function]}
              >
                <h3
                  className="filter-name-input-title filter-categories-input-title"
                >
                  Select a category
                </h3>
                <button
                  className="category-btn input-btn"
                  name="games"
                  onClick={[Function]}
                  type="button"
                >
                  games
                </button>
                <button
                  className="category-btn input-btn"
                  name="music"
                  onClick={[Function]}
                  type="button"
                >
                  music
                </button>
                <button
                  className="category-btn input-btn"
                  name="authors"
                  onClick={[Function]}
                  type="button"
                >
                  authors
                </button>
                <button
                  className="category-btn input-btn"
                  name="movies"
                  onClick={[Function]}
                  type="button"
                >
                  movies
                </button>
                <button
                  className="category-btn input-btn"
                  name="shows"
                  onClick={[Function]}
                  type="button"
                >
                  shows
                </button>
                <button
                  className="category-btn input-btn"
                  name="books"
                  onClick={[Function]}
                  type="button"
                >
                  books
                </button>
              </form>,
              "className": "filter-input-form-container",
            },
            "ref": null,
            "rendered": Object {
              "instance": null,
              "key": undefined,
              "nodeType": "host",
              "props": Object {
                "children": Array [
                  <h3
                    className="filter-name-input-title filter-categories-input-title"
                  >
                    Select a category
                  </h3>,
                  <button
                    className="category-btn input-btn"
                    name="games"
                    onClick={[Function]}
                    type="button"
                  >
                    games
                  </button>,
                  <button
                    className="category-btn input-btn"
                    name="music"
                    onClick={[Function]}
                    type="button"
                  >
                    music
                  </button>,
                  <button
                    className="category-btn input-btn"
                    name="authors"
                    onClick={[Function]}
                    type="button"
                  >
                    authors
                  </button>,
                  <button
                    className="category-btn input-btn"
                    name="movies"
                    onClick={[Function]}
                    type="button"
                  >
                    movies
                  </button>,
                  <button
                    className="category-btn input-btn"
                    name="shows"
                    onClick={[Function]}
                    type="button"
                  >
                    shows
                  </button>,
                  <button
                    className="category-btn input-btn"
                    name="books"
                    onClick={[Function]}
                    type="button"
                  >
                    books
                  </button>,
                ],
                "className": "input-categories-form",
                "onClick": [Function],
              },
              "ref": null,
              "rendered": Array [
                Object {
                  "instance": null,
                  "key": undefined,
                  "nodeType": "host",
                  "props": Object {
                    "children": "Select a category",
                    "className": "filter-name-input-title filter-categories-input-title",
                  },
                  "ref": null,
                  "rendered": "Select a category",
                  "type": "h3",
                },
                Object {
                  "instance": null,
                  "key": undefined,
                  "nodeType": "host",
                  "props": Object {
                    "children": "games",
                    "className": "category-btn input-btn",
                    "name": "games",
                    "onClick": [Function],
                    "type": "button",
                  },
                  "ref": null,
                  "rendered": "games",
                  "type": "button",
                },
                Object {
                  "instance": null,
                  "key": undefined,
                  "nodeType": "host",
                  "props": Object {
                    "children": "music",
                    "className": "category-btn input-btn",
                    "name": "music",
                    "onClick": [Function],
                    "type": "button",
                  },
                  "ref": null,
                  "rendered": "music",
                  "type": "button",
                },
                Object {
                  "instance": null,
                  "key": undefined,
                  "nodeType": "host",
                  "props": Object {
                    "children": "authors",
                    "className": "category-btn input-btn",
                    "name": "authors",
                    "onClick": [Function],
                    "type": "button",
                  },
                  "ref": null,
                  "rendered": "authors",
                  "type": "button",
                },
                Object {
                  "instance": null,
                  "key": undefined,
                  "nodeType": "host",
                  "props": Object {
                    "children": "movies",
                    "className": "category-btn input-btn",
                    "name": "movies",
                    "onClick": [Function],
                    "type": "button",
                  },
                  "ref": null,
                  "rendered": "movies",
                  "type": "button",
                },
                Object {
                  "instance": null,
                  "key": undefined,
                  "nodeType": "host",
                  "props": Object {
                    "children": "shows",
                    "className": "category-btn input-btn",
                    "name": "shows",
                    "onClick": [Function],
                    "type": "button",
                  },
                  "ref": null,
                  "rendered": "shows",
                  "type": "button",
                },
                Object {
                  "instance": null,
                  "key": undefined,
                  "nodeType": "host",
                  "props": Object {
                    "children": "books",
                    "className": "category-btn input-btn",
                    "name": "books",
                    "onClick": [Function],
                    "type": "button",
                  },
                  "ref": null,
                  "rendered": "books",
                  "type": "button",
                },
              ],
              "type": "form",
            },
            "type": "div",
          },
        ],
        "type": "div",
      },
      Object {
        "instance": null,
        "key": undefined,
        "nodeType": "host",
        "props": Object {
          "children": "Find suggestions",
          "className": "filter-btn",
          "onClick": [Function],
          "type": "submit",
        },
        "ref": null,
        "rendered": "Find suggestions",
        "type": "button",
      },
    ],
    "type": "div",
  },
  Symbol(enzyme.__nodes__): Array [
    Object {
      "instance": null,
      "key": undefined,
      "nodeType": "host",
      "props": Object {
        "children": Array [
          <h1
            className="filter-title"
          >
            Filters
          </h1>,
          null,
          <div
            className="filter-input-categories-container"
          >
            <div
              className="filter-input-form-container"
            >
              <form
                className="filter-input-form"
              >
                <h3
                  className="filter-name-input-title-bool"
                >
                  Enter a game, movie, band, or song
                </h3>
                <input
                  className="filter-input"
                  name="input-0"
                  onChange={[Function]}
                  placeholder=""
                  value=""
                />
              </form>
              <button
                className="add-input-btn input-btn"
                disabled={false}
                onClick={[Function]}
                type="button"
              >
                +
              </button>
            </div>
            <div
              className="filter-input-form-container"
            >
              <form
                className="input-categories-form"
                onClick={[Function]}
              >
                <h3
                  className="filter-name-input-title filter-categories-input-title"
                >
                  Select a category
                </h3>
                <button
                  className="category-btn input-btn"
                  name="games"
                  onClick={[Function]}
                  type="button"
                >
                  games
                </button>
                <button
                  className="category-btn input-btn"
                  name="music"
                  onClick={[Function]}
                  type="button"
                >
                  music
                </button>
                <button
                  className="category-btn input-btn"
                  name="authors"
                  onClick={[Function]}
                  type="button"
                >
                  authors
                </button>
                <button
                  className="category-btn input-btn"
                  name="movies"
                  onClick={[Function]}
                  type="button"
                >
                  movies
                </button>
                <button
                  className="category-btn input-btn"
                  name="shows"
                  onClick={[Function]}
                  type="button"
                >
                  shows
                </button>
                <button
                  className="category-btn input-btn"
                  name="books"
                  onClick={[Function]}
                  type="button"
                >
                  books
                </button>
              </form>
            </div>
          </div>,
          <button
            className="filter-btn"
            onClick={[Function]}
            type="submit"
          >
            Find suggestions
          </button>,
        ],
        "className": "FilterSuggestions",
        "onKeyPress": [Function],
      },
      "ref": null,
      "rendered": Array [
        Object {
          "instance": null,
          "key": undefined,
          "nodeType": "host",
          "props": Object {
            "children": "Filters",
            "className": "filter-title",
          },
          "ref": null,
          "rendered": "Filters",
          "type": "h1",
        },
        null,
        Object {
          "instance": null,
          "key": undefined,
          "nodeType": "host",
          "props": Object {
            "children": Array [
              <div
                className="filter-input-form-container"
              >
                <form
                  className="filter-input-form"
                >
                  <h3
                    className="filter-name-input-title-bool"
                  >
                    Enter a game, movie, band, or song
                  </h3>
                  <input
                    className="filter-input"
                    name="input-0"
                    onChange={[Function]}
                    placeholder=""
                    value=""
                  />
                </form>
                <button
                  className="add-input-btn input-btn"
                  disabled={false}
                  onClick={[Function]}
                  type="button"
                >
                  +
                </button>
              </div>,
              <div
                className="filter-input-form-container"
              >
                <form
                  className="input-categories-form"
                  onClick={[Function]}
                >
                  <h3
                    className="filter-name-input-title filter-categories-input-title"
                  >
                    Select a category
                  </h3>
                  <button
                    className="category-btn input-btn"
                    name="games"
                    onClick={[Function]}
                    type="button"
                  >
                    games
                  </button>
                  <button
                    className="category-btn input-btn"
                    name="music"
                    onClick={[Function]}
                    type="button"
                  >
                    music
                  </button>
                  <button
                    className="category-btn input-btn"
                    name="authors"
                    onClick={[Function]}
                    type="button"
                  >
                    authors
                  </button>
                  <button
                    className="category-btn input-btn"
                    name="movies"
                    onClick={[Function]}
                    type="button"
                  >
                    movies
                  </button>
                  <button
                    className="category-btn input-btn"
                    name="shows"
                    onClick={[Function]}
                    type="button"
                  >
                    shows
                  </button>
                  <button
                    className="category-btn input-btn"
                    name="books"
                    onClick={[Function]}
                    type="button"
                  >
                    books
                  </button>
                </form>
              </div>,
            ],
            "className": "filter-input-categories-container",
          },
          "ref": null,
          "rendered": Array [
            Object {
              "instance": null,
              "key": undefined,
              "nodeType": "host",
              "props": Object {
                "children": Array [
                  <form
                    className="filter-input-form"
                  >
                    <h3
                      className="filter-name-input-title-bool"
                    >
                      Enter a game, movie, band, or song
                    </h3>
                    <input
                      className="filter-input"
                      name="input-0"
                      onChange={[Function]}
                      placeholder=""
                      value=""
                    />
                  </form>,
                  <button
                    className="add-input-btn input-btn"
                    disabled={false}
                    onClick={[Function]}
                    type="button"
                  >
                    +
                  </button>,
                ],
                "className": "filter-input-form-container",
              },
              "ref": null,
              "rendered": Array [
                Object {
                  "instance": null,
                  "key": undefined,
                  "nodeType": "host",
                  "props": Object {
                    "children": Array [
                      <h3
                        className="filter-name-input-title-bool"
                      >
                        Enter a game, movie, band, or song
                      </h3>,
                      Array [
                        <input
                          className="filter-input"
                          name="input-0"
                          onChange={[Function]}
                          placeholder=""
                          value=""
                        />,
                      ],
                    ],
                    "className": "filter-input-form",
                  },
                  "ref": null,
                  "rendered": Array [
                    Object {
                      "instance": null,
                      "key": undefined,
                      "nodeType": "host",
                      "props": Object {
                        "children": "Enter a game, movie, band, or song",
                        "className": "filter-name-input-title-bool",
                      },
                      "ref": null,
                      "rendered": "Enter a game, movie, band, or song",
                      "type": "h3",
                    },
                    Object {
                      "instance": null,
                      "key": "input-0",
                      "nodeType": "host",
                      "props": Object {
                        "className": "filter-input",
                        "name": "input-0",
                        "onChange": [Function],
                        "placeholder": "",
                        "value": "",
                      },
                      "ref": null,
                      "rendered": null,
                      "type": "input",
                    },
                  ],
                  "type": "form",
                },
                Object {
                  "instance": null,
                  "key": undefined,
                  "nodeType": "host",
                  "props": Object {
                    "children": "+",
                    "className": "add-input-btn input-btn",
                    "disabled": false,
                    "onClick": [Function],
                    "type": "button",
                  },
                  "ref": null,
                  "rendered": "+",
                  "type": "button",
                },
              ],
              "type": "div",
            },
            Object {
              "instance": null,
              "key": undefined,
              "nodeType": "host",
              "props": Object {
                "children": <form
                  className="input-categories-form"
                  onClick={[Function]}
                >
                  <h3
                    className="filter-name-input-title filter-categories-input-title"
                  >
                    Select a category
                  </h3>
                  <button
                    className="category-btn input-btn"
                    name="games"
                    onClick={[Function]}
                    type="button"
                  >
                    games
                  </button>
                  <button
                    className="category-btn input-btn"
                    name="music"
                    onClick={[Function]}
                    type="button"
                  >
                    music
                  </button>
                  <button
                    className="category-btn input-btn"
                    name="authors"
                    onClick={[Function]}
                    type="button"
                  >
                    authors
                  </button>
                  <button
                    className="category-btn input-btn"
                    name="movies"
                    onClick={[Function]}
                    type="button"
                  >
                    movies
                  </button>
                  <button
                    className="category-btn input-btn"
                    name="shows"
                    onClick={[Function]}
                    type="button"
                  >
                    shows
                  </button>
                  <button
                    className="category-btn input-btn"
                    name="books"
                    onClick={[Function]}
                    type="button"
                  >
                    books
                  </button>
                </form>,
                "className": "filter-input-form-container",
              },
              "ref": null,
              "rendered": Object {
                "instance": null,
                "key": undefined,
                "nodeType": "host",
                "props": Object {
                  "children": Array [
                    <h3
                      className="filter-name-input-title filter-categories-input-title"
                    >
                      Select a category
                    </h3>,
                    <button
                      className="category-btn input-btn"
                      name="games"
                      onClick={[Function]}
                      type="button"
                    >
                      games
                    </button>,
                    <button
                      className="category-btn input-btn"
                      name="music"
                      onClick={[Function]}
                      type="button"
                    >
                      music
                    </button>,
                    <button
                      className="category-btn input-btn"
                      name="authors"
                      onClick={[Function]}
                      type="button"
                    >
                      authors
                    </button>,
                    <button
                      className="category-btn input-btn"
                      name="movies"
                      onClick={[Function]}
                      type="button"
                    >
                      movies
                    </button>,
                    <button
                      className="category-btn input-btn"
                      name="shows"
                      onClick={[Function]}
                      type="button"
                    >
                      shows
                    </button>,
                    <button
                      className="category-btn input-btn"
                      name="books"
                      onClick={[Function]}
                      type="button"
                    >
                      books
                    </button>,
                  ],
                  "className": "input-categories-form",
                  "onClick": [Function],
                },
                "ref": null,
                "rendered": Array [
                  Object {
                    "instance": null,
                    "key": undefined,
                    "nodeType": "host",
                    "props": Object {
                      "children": "Select a category",
                      "className": "filter-name-input-title filter-categories-input-title",
                    },
                    "ref": null,
                    "rendered": "Select a category",
                    "type": "h3",
                  },
                  Object {
                    "instance": null,
                    "key": undefined,
                    "nodeType": "host",
                    "props": Object {
                      "children": "games",
                      "className": "category-btn input-btn",
                      "name": "games",
                      "onClick": [Function],
                      "type": "button",
                    },
                    "ref": null,
                    "rendered": "games",
                    "type": "button",
                  },
                  Object {
                    "instance": null,
                    "key": undefined,
                    "nodeType": "host",
                    "props": Object {
                      "children": "music",
                      "className": "category-btn input-btn",
                      "name": "music",
                      "onClick": [Function],
                      "type": "button",
                    },
                    "ref": null,
                    "rendered": "music",
                    "type": "button",
                  },
                  Object {
                    "instance": null,
                    "key": undefined,
                    "nodeType": "host",
                    "props": Object {
                      "children": "authors",
                      "className": "category-btn input-btn",
                      "name": "authors",
                      "onClick": [Function],
                      "type": "button",
                    },
                    "ref": null,
                    "rendered": "authors",
                    "type": "button",
                  },
                  Object {
                    "instance": null,
                    "key": undefined,
                    "nodeType": "host",
                    "props": Object {
                      "children": "movies",
                      "className": "category-btn input-btn",
                      "name": "movies",
                      "onClick": [Function],
                      "type": "button",
                    },
                    "ref": null,
                    "rendered": "movies",
                    "type": "button",
                  },
                  Object {
                    "instance": null,
                    "key": undefined,
                    "nodeType": "host",
                    "props": Object {
                      "children": "shows",
                      "className": "category-btn input-btn",
                      "name": "shows",
                      "onClick": [Function],
                      "type": "button",
                    },
                    "ref": null,
                    "rendered": "shows",
                    "type": "button",
                  },
                  Object {
                    "instance": null,
                    "key": undefined,
                    "nodeType": "host",
                    "props": Object {
                      "children": "books",
                      "className": "category-btn input-btn",
                      "name": "books",
                      "onClick": [Function],
                      "type": "button",
                    },
                    "ref": null,
                    "rendered": "books",
                    "type": "button",
                  },
                ],
                "type": "form",
              },
              "type": "div",
            },
          ],
          "type": "div",
        },
        Object {
          "instance": null,
          "key": undefined,
          "nodeType": "host",
          "props": Object {
            "children": "Find suggestions",
            "className": "filter-btn",
            "onClick": [Function],
            "type": "submit",
          },
          "ref": null,
          "rendered": "Find suggestions",
          "type": "button",
        },
      ],
      "type": "div",
    },
  ],
  Symbol(enzyme.__options__): Object {
    "adapter": ReactSixteenAdapter {
      "options": Object {
        "enableComponentDidUpdateOnSetState": true,
        "lifecycles": Object {
          "componentDidUpdate": Object {
            "onSetState": true,
          },
          "getDerivedStateFromProps": true,
          "getSnapshotBeforeUpdate": true,
          "setState": Object {
            "skipsComponentDidUpdateOnNullish": true,
          },
        },
      },
    },
  },
}
`;
